<sequential display_name="What's expected">
 <vertical url_name="whats_expected_introduction">
 </vertical>
 <vertical url_name="whats_expected_opencraft_team_member">
 </vertical>
 <vertical url_name="whats_expected_code_reviewer">
 </vertical>
 <vertical url_name="whats_expected_someone_new_to_the_team">
 </vertical>
 <vertical url_name="whats_expected_subteam_member">
 </vertical>
 <vertical url_name="whats_expected_sprint_firefighter">
 </vertical>
 <vertical url_name="whats_expected_admin">
 </vertical>
 <vertical url_name="whats_expected_business_developer">
 </vertical>
 <vertical url_name="whats_expected_learning_designer">
 </vertical>
 <vertical url_name="whats_expected_weeks_discovery_duty_asignee">
 </vertical>
 <vertical url_name="whats_expected_epic_owner">
 </vertical>
 <vertical url_name="whats_expected_subteam_owner">
 </vertical>
</sequential>
